// Jest Snapshot v1, https://goo.gl/fbAQLP

exports[`parseStringToNumericArray() given a string with invalid data like a mix of valid and invalid values should throw 1`] = `"'three' is not a number."`;

exports[`parseStringToNumericArray() given a string with invalid data like a single non-numeric value should throw 1`] = `"'one' is not a number."`;

exports[`parseStringToNumericArray() given a string with valid data like a number should return 1`] = `
Array [
  1,
]
`;

exports[`parseStringToNumericArray() given a string with valid data like a series of numbers should return 1`] = `
Array [
  -3,
  1,
  2,
]
`;

exports[`parseStringToNumericArray() given a string with valid data like undefined should return 1`] = `Array []`;

exports[`stringifySomeNumbers() given 0 returns a sorted list 1`] = `"0"`;

exports[`stringifySomeNumbers() given a list of arguments with an array in the middle returns a sorted list 1`] = `"-5,1,2,3,7"`;

exports[`stringifySomeNumbers() given a single argument as an array returns a sorted list 1`] = `"1,3,23"`;

exports[`stringifySomeNumbers() given a single number argument returns a sorted list 1`] = `"1"`;

exports[`stringifySomeNumbers() given an array followed by individual number arguments returns a sorted list 1`] = `"-1048,1,2,3"`;

exports[`stringifySomeNumbers() given multiple number arguments returns a sorted list 1`] = `"1,2,3"`;

exports[`stringifySomeNumbers() given undefined returns a sorted list 1`] = `""`;
